[0;41m[FATAL]: A test message: 3.140000
[0m[1;31m[ERROR]: An error occurred: 404
[0m[1;33m[WARN]: This is a warning: be careful
[0m[1;32m[INFO]: Some information: 42
[0m[1;34m[DEBUG]: Debugging info: 2.718000
[0m[1;30m[TRACE]: Trace message: tracing
[0m[1;32m[INFO]: Input subsystem initialized.
[0m[1;30m[TRACE]: Loader registered.
[0m[1;30m[TRACE]: Loader registered.
[0m[1;30m[TRACE]: Loader registered.
[0m[1;30m[TRACE]: Loader registered.
[0m[1;32m[INFO]: Resource system initialized with base path 'assets'.
[0m[1;34m[DEBUG]: Required extensions:
[0m[1;34m[DEBUG]: VK_KHR_surface
[0m[1;34m[DEBUG]: VK_KHR_xcb_surface
[0m[1;34m[DEBUG]: VK_EXT_debug_utils
[0m[1;32m[INFO]: Validation layers enabled. Enumerating...
[0m[1;32m[INFO]: Searching for layer: VK_LAYER_KHRONOS_validation...
[0m[1;32m[INFO]: Found.
[0m[1;32m[INFO]: All required validation layers are present.
[0m[1;32m[INFO]: Vulkan Instance created.
[0m[1;34m[DEBUG]: Creating Vulkan debugger...
[0m[1;34m[DEBUG]: Vulkan debugger created.
[0m[1;34m[DEBUG]: Creating Vulkan surface...
[0m[1;34m[DEBUG]: Vulkan surface created.
[0m[1;32m[INFO]: linux_read_sorted_physical_devices:
[0m[1;32m[INFO]:      Original order:
[0m[1;32m[INFO]:            [0] Intel(R) Iris(R) Xe Graphics (ADL GT2)
[0m[1;32m[INFO]:      Sorted order:
[0m[1;32m[INFO]:            [0] Intel(R) Iris(R) Xe Graphics (ADL GT2)  
[0m[1;32m[INFO]: linux_read_sorted_physical_devices:
[0m[1;32m[INFO]:      Original order:
[0m[1;32m[INFO]:            [0] Intel(R) Iris(R) Xe Graphics (ADL GT2)
[0m[1;32m[INFO]:      Sorted order:
[0m[1;32m[INFO]:            [0] Intel(R) Iris(R) Xe Graphics (ADL GT2)  
[0m[1;32m[INFO]: linux_read_sorted_physical_devices:
[0m[1;32m[INFO]:      Original order:
[0m[1;32m[INFO]:            [0] Intel(R) Iris(R) Xe Graphics (ADL GT2)
[0m[1;32m[INFO]:      Sorted order:
[0m[1;32m[INFO]:            [0] Intel(R) Iris(R) Xe Graphics (ADL GT2)  
[0m[1;32m[INFO]: linux_read_sorted_physical_devices:
[0m[1;32m[INFO]:      Original order:
[0m[1;32m[INFO]:            [0] Intel(R) Iris(R) Xe Graphics (ADL GT2)
[0m[1;32m[INFO]:      Sorted order:
[0m[1;32m[INFO]:            [0] Intel(R) Iris(R) Xe Graphics (ADL GT2)  
[0m[1;32m[INFO]: Removing driver /usr/lib/libvulkan_intel_hasvk.so due to not having any physical devices
[0m[1;32m[INFO]: Device is not a discrete GPU, and one is required. Skipping.
[0m[1;32m[INFO]: No discrete GPU found. Falling back to a non-discrete device.
[0m[1;32m[INFO]: Graphics | Present | Compute | Transfer | Name
[0m[1;32m[INFO]:        1 |       1 |       1 |        1 | Intel(R) Iris(R) Xe Graphics (ADL GT2)
[0m[1;32m[INFO]: Device meets queue requirements.
[0m[1;30m[TRACE]: Graphics family index: 0
[0m[1;30m[TRACE]: Present family index: 0
[0m[1;30m[TRACE]: Compute family index: 0
[0m[1;30m[TRACE]: Transfer family index: 0
[0m[1;32m[INFO]: Selected device: 'Intel(R) Iris(R) Xe Graphics (ADL GT2)'.
[0m[1;32m[INFO]: GPU type is Integrated
[0m[1;32m[INFO]: GPU Driver Version: 26.2.1
[0m[1;32m[INFO]: Vulkan API Version: 1.4.354
[0m[1;32m[INFO]: Local GPU Memory: 11.48GiB
[0m[1;32m[INFO]: Physical Device selected.
[0m[1;32m[INFO]: Creating logical device...
[0m[1;32m[INFO]: Inserted device layer "VK_LAYER_KHRONOS_validation" (/usr/lib/libVkLayer_khronos_validation.so)
[0m[1;32m[INFO]: Failed to find vkGetDeviceProcAddr in layer "/usr/lib/libVkLayer_MESA_device_select.so"
[0m[1;32m[INFO]: vkCreateDevice layer callstack setup to:
[0m[1;32m[INFO]:    <Application>
[0m[1;32m[INFO]:      ||
[0m[1;32m[INFO]:    <Loader>
[0m[1;32m[INFO]:      ||
[0m[1;32m[INFO]:    VK_LAYER_KHRONOS_validation
[0m[1;32m[INFO]:            Type: Explicit
[0m[1;32m[INFO]:            Enabled By: By the Application
[0m[1;32m[INFO]:            Manifest: /usr/share/vulkan/explicit_layer.d/VkLayer_khronos_validation.json
[0m[1;32m[INFO]:            Library:  /usr/lib/libVkLayer_khronos_validation.so
[0m[1;32m[INFO]:      ||
[0m[1;32m[INFO]:    <Device>
[0m[1;32m[INFO]:        Using "Intel(R) Iris(R) Xe Graphics (ADL GT2)" with driver: "/usr/lib/libvulkan_intel.so"
[0m[1;32m[INFO]: Logical device created.
[0m[1;32m[INFO]: Queues obtained.
[0m[1;32m[INFO]: Graphics command pool created.
[0m[1;32m[INFO]: Swapchain created successfully.
[0m[1;34m[DEBUG]: Vulkan command buffers created.
[0m[1;32m[INFO]: Device timing enabled. One timestamp tick is 52.0833 ns.
[0m[1;33m[WARN]: vkCreateGraphicsPipelines(): pCreateInfos[0] (SPIR-V Interface) [VK_SHADER_STAGE_VERTEX_BIT] has an Output value declared at Location 0 Component 0, but there is no corresponding Input declared in [VK_SHADER_STAGE_FRAGMENT_BIT].
This is not invalid, but the write to the unused Output is discarded.
The Output variable is:
  pointer to Output -> sint32
[0m[1;34m[DEBUG]: Graphics pipeline created!
[0m[1;34m[DEBUG]: Graphics pipeline created!
[0m[1;32m[INFO]: Upload strategy: intermediate (staging) buffer.
[0m[1;32m[INFO]: Vulkan renderer initialized successfully.
[0m[1;30m[TRACE]: Creating default texture...
[0m[1;30m[TRACE]: Renderer: Material created.
[0m[1;30m[TRACE]: Texture 'cobblestone_floor_tiled_32' does not yet exist. Created, and ref_count is now 1.
[0m[1;30m[TRACE]: Renderer: Material created.
[0m[1;30m[TRACE]: Material 'test_material' does not yet exist. Created, and ref_count is now '1'.
[0m[1;30m[TRACE]: Texture 'sandstone_blocks_tiled_32' does not yet exist. Created, and ref_count is now 1.
[0m[1;30m[TRACE]: Renderer: Material created.
[0m[1;30m[TRACE]: Material 'test_ui_material' does not yet exist. Created, and ref_count is now '1'.
[0m[1;34m[DEBUG]: game_initialize() called.
[0m[1;32m[INFO]: System memory use (tagged):
  UNKNOWN    : 0.00B
  ARRAY      : 0.00B
  LINEAR_ALLC: 0.00B
  DARRAY     : 4.05KiB
  DICT       : 0.00B
  RING_QUEUE : 0.00B
  BST        : 0.00B
  STRING     : 0.00B
  APPLICATION: 0.00B
  JOB        : 0.00B
  TEXTURE    : 120.00B
  MAT_INST   : 0.00B
  RENDERER   : 96.00B
  GAME       : 0.00B
  TRANSFORM  : 0.00B
  ENTITY     : 0.00B
  ENTITY_NODE: 0.00B
  SCENE      : 0.00B

[0m[1;34m[DEBUG]: Window resize: 622, 662
[0m[1;32m[INFO]: Vulkan renderer backend->resized: w/h/gen: 622/662/1
[0m[1;32m[INFO]: Swapchain created successfully.
[0m[1;34m[DEBUG]: Vulkan command buffers created.
[0m[1;32m[INFO]: Resized, booting.
[0m[1;32m[INFO]: Frame timing over 120 frames (3909.2 FPS):
  frame        avg   0.256 ms   min   0.123 ms   max   0.768 ms
  platform     avg   0.001 ms   min   0.001 ms   max   0.003 ms
  game update  avg   0.000 ms   min   0.000 ms   max   0.001 ms
  game render  avg   0.000 ms   min   0.000 ms   max   0.000 ms
  render       avg   0.254 ms   min   0.122 ms   max   0.763 ms
  gpu          avg   0.045 ms   min   0.032 ms   max   0.057 ms
  upload buf   avg   0.000 ms   min   0.000 ms   max   0.000 ms
  upload img   avg   0.000 ms   min   0.000 ms   max   0.000 ms
  uploads      buffers: 8 in 12.281 ms   images: 3 in 13.789 ms

[0m[1;32m[INFO]: Frame timing over 120 frames (2861.4 FPS):
  frame        avg   0.349 ms   min   0.134 ms   max   0.760 ms
  platform     avg   0.001 ms   min   0.000 ms   max   0.003 ms
  game update  avg   0.000 ms   min   0.000 ms   max   0.003 ms
  game render  avg   0.000 ms   min   0.000 ms   max   0.000 ms
  render       avg   0.348 ms   min   0.132 ms   max   0.759 ms
  gpu          avg   0.060 ms   min   0.026 ms   max   0.066 ms
  upload buf   avg   0.000 ms   min   0.000 ms   max   0.000 ms
  upload img   avg   0.000 ms   min   0.000 ms   max   0.000 ms
  uploads      buffers: 8 in 12.281 ms   images: 3 in 13.789 ms

[0m[1;32m[INFO]: Frame timing over 120 frames (1928.0 FPS):
  frame        avg   0.519 ms   min   0.337 ms   max   1.353 ms
  platform     avg   0.002 ms   min   0.000 ms   max   0.020 ms
  game update  avg   0.001 ms   min   0.000 ms   max   0.001 ms
  game render  avg   0.000 ms   min   0.000 ms   max   0.000 ms
  render       avg   0.515 ms   min   0.336 ms   max   1.347 ms
  gpu          avg   0.087 ms   min   0.026 ms   max   0.104 ms
  upload buf   avg   0.000 ms   min   0.000 ms   max   0.000 ms
  upload img   avg   0.000 ms   min   0.000 ms   max   0.000 ms
  uploads      buffers: 8 in 12.281 ms   images: 3 in 13.789 ms

[0m[1;32m[INFO]: Frame timing over 120 frames (2244.6 FPS):
  frame        avg   0.446 ms   min   0.374 ms   max   0.652 ms
  platform     avg   0.001 ms   min   0.001 ms   max   0.006 ms
  game update  avg   0.000 ms   min   0.000 ms   max   0.001 ms
  game render  avg   0.000 ms   min   0.000 ms   max   0.000 ms
  render       avg   0.444 ms   min   0.372 ms   max   0.650 ms
  gpu          avg   0.098 ms   min   0.026 ms   max   0.103 ms
  upload buf   avg   0.000 ms   min   0.000 ms   max   0.000 ms
  upload img   avg   0.000 ms   min   0.000 ms   max   0.000 ms
  uploads      buffers: 8 in 12.281 ms   images: 3 in 13.789 ms

[0m[1;32m[INFO]: Frame timing over 120 frames (1996.6 FPS):
  frame        avg   0.501 ms   min   0.153 ms   max   0.797 ms
  platform     avg   0.001 ms   min   0.001 ms   max   0.002 ms
  game update  avg   0.000 ms   min   0.000 ms   max   0.001 ms
  game render  avg   0.000 ms   min   0.000 ms   max   0.000 ms
  render       avg   0.499 ms   min   0.150 ms   max   0.795 ms
  gpu          avg   0.097 ms   min   0.026 ms   max   0.102 ms
  upload buf   avg   0.000 ms   min   0.000 ms   max   0.000 ms
  upload img   avg   0.000 ms   min   0.000 ms   max   0.000 ms
  uploads      buffers: 8 in 12.281 ms   images: 3 in 13.789 ms

[0m[1;32m[INFO]: Frame timing over 120 frames (2223.8 FPS):
  frame        avg   0.450 ms   min   0.165 ms   max   1.422 ms
  platform     avg   0.001 ms   min   0.000 ms   max   0.008 ms
  game update  avg   0.000 ms   min   0.000 ms   max   0.001 ms
  game render  avg   0.000 ms   min   0.000 ms   max   0.000 ms
  render       avg   0.448 ms   min   0.163 ms   max   1.421 ms
  gpu          avg   0.099 ms   min   0.026 ms   max   0.107 ms
  upload buf   avg   0.000 ms   min   0.000 ms   max   0.000 ms
  upload img   avg   0.000 ms   min   0.000 ms   max   0.000 ms
  uploads      buffers: 8 in 12.281 ms   images: 3 in 13.789 ms

